// Jest Snapshot v1, https://goo.gl/fbAQLP

exports[`<ItemFilter /> renders without errors 1`] = `
<form
  __versions={
    Object {
      "final-form": "4.20.2",
      "react-final-form": "6.5.2",
    }
  }
  className="RaFilter-form-2 RaFilterForm-form-3"
  displayFilters={Object {}}
  onSubmit={[Function]}
>
  <div
    className="filter-field RaFilterFormInput-body-5"
    data-source="source"
  >
    <div
      className="MuiFormControl-root MuiFormControl-marginDense"
    >
      <label
        className="MuiFormLabel-root MuiInputLabel-root RaLabeled-label-9 MuiInputLabel-formControl MuiInputLabel-animated MuiInputLabel-shrink MuiInputLabel-marginDense"
        data-shrink={true}
        htmlFor="source"
      >
        <span>
          labels.publisher
        </span>
      </label>
      <div
        className="RaLabeled-value-10"
      />
    </div>
    <div
      className="RaFilterFormInput-spacer-6"
    >
      Â 
    </div>
  </div>
  <div
    className="RaFilterForm-clearFix-4"
  />
</form>
`;
