// Jest Snapshot v1, https://goo.gl/fbAQLP

exports[`<ItemList /> renders without errors 1`] = `"<div class=\\"list-page RaList-root-1\\" filter=\\"[object Object]\\"><div class=\\"MuiToolbar-root MuiToolbar-regular RaListToolbar-toolbar-7 MuiToolbar-gutters\\"><form class=\\"RaFilter-form-10 RaFilterForm-form-11\\" __versions=\\"[object Object]\\"><div data-source=\\"source\\" class=\\"filter-field RaFilterFormInput-body-13\\"><div class=\\"MuiFormControl-root MuiFormControl-marginDense\\"><label class=\\"MuiFormLabel-root MuiInputLabel-root RaLabeled-label-17 MuiInputLabel-formControl MuiInputLabel-animated MuiInputLabel-shrink MuiInputLabel-marginDense\\" data-shrink=\\"true\\" for=\\"source\\"><span>labels.publisher</span></label><div class=\\"RaLabeled-value-18\\"></div></div><div class=\\"RaFilterFormInput-spacer-14\\">&nbsp;</div></div><div class=\\"RaFilterForm-clearFix-12\\"></div></form><span></span><div class=\\"MuiToolbar-root MuiToolbar-regular RaTopToolbar-root-20 RaListToolbar-actions-8 MuiToolbar-gutters\\"></div></div><div class=\\"RaList-main-2\\"><div class=\\"MuiPaper-root MuiCard-root RaList-content-3 MuiPaper-elevation1 MuiPaper-rounded\\"><div class=\\"makeStyles-container-34\\"><div class=\\"MuiGrid-root MuiGrid-container MuiGrid-spacing-xs-2\\"></div></div><span class=\\"MuiTablePagination-root\\" filter=\\"[object Object]\\"><div class=\\"MuiToolbar-root MuiToolbar-regular MuiTablePagination-toolbar MuiToolbar-gutters\\"><div class=\\"MuiTablePagination-spacer\\"></div><p class=\\"MuiTypography-root MuiTablePagination-caption MuiTypography-body2 MuiTypography-colorInherit\\" >ra.navigation.page_rows_per_page</p><div class=\\"MuiInputBase-root MuiTablePagination-input MuiTablePagination-selectRoot\\"><div class=\\"MuiSelect-root MuiSelect-select MuiTablePagination-select MuiSelect-selectMenu MuiInputBase-input\\" tabindex=\\"0\\" role=\\"button\\" aria-haspopup=\\"listbox\\"  >10</div><input aria-hidden=\\"true\\" tabindex=\\"-1\\" class=\\"MuiSelect-nativeInput\\" value=\\"10\\"><svg class=\\"MuiSvgIcon-root MuiSelect-icon MuiTablePagination-selectIcon\\" focusable=\\"false\\" viewBox=\\"0 0 24 24\\" aria-hidden=\\"true\\"><path d=\\"M7 10l5 5 5-5z\\"></path></svg></div><p class=\\"MuiTypography-root MuiTablePagination-caption MuiTypography-body2 MuiTypography-colorInherit\\">ra.navigation.page_range_info</p><div class=\\"RaPaginationActions-actions-30\\"></div></div></span></div></div></div>"`;
